SUMMARY:
	ROM0: 15972 bytes used / 16796 free

ROM0 bank #0:
	EMPTY: $0000-$003f ($0040 bytes)
	SECTION: $0040-$0046 ($0007 bytes) ["vblank_interrupt"]
	SECTION: $0047-$00f4 ($00ae bytes) ["main"]
	         $0047 = main
	         $004c = restart_game
	         $004c = restart_game.wait_vblank_u9
	         $005a = start_screen_loop
	         $0061 = start_level_1
	         $0066 = start_level_1.wait_vblank_u10
	         $0086 = start_level_2
	         $008b = start_level_2.wait_vblank_u11
	         $00ab = start_level_3
	         $00b0 = start_level_3.wait_vblank_u12
	         $00d0 = game_loop
	         $00dc = game_loop.time_loop
	EMPTY: $00f5-$00ff ($000b bytes)
	SECTION: $0100-$014f ($0050 bytes) ["header"]
	         $0100 = entrypoint
	SECTION: $0150-$06cf ($0580 bytes) ["map_rep"]
	         $0150 = init_map_1_walls
	         $0353 = init_map_2_walls
	         $0556 = init_map_3_walls
	         $055a = CheckRightMoveValidity
	         $0589 = CheckRightMoveValidity.get_map_row_start_byte
	         $0593 = CheckRightMoveValidity.done_getting_map_row_start_byte
	         $059f = CheckRightMoveValidity.get_map_column_start_byte
	         $05a6 = CheckRightMoveValidity.done_getting_map_column_byte
	         $05b0 = CheckRightMoveValidity.determine_bit_location_in_map_byte
	         $05b6 = CheckRightMoveValidity.done_determining_bit_location_in_map_byte
	         $05ba = CheckLeftMoveValidity
	         $05e4 = CheckLeftMoveValidity.get_map_row_start_byte
	         $05ee = CheckLeftMoveValidity.done_getting_map_row_start_byte
	         $05fa = CheckLeftMoveValidity.get_map_column_start_byte
	         $0601 = CheckLeftMoveValidity.done_getting_map_column_byte
	         $060b = CheckLeftMoveValidity.determine_bit_location_in_map_byte
	         $0611 = CheckLeftMoveValidity.done_determining_bit_location_in_map_byte
	         $0615 = CheckUpMoveValidity
	         $063f = CheckUpMoveValidity.get_map_row_start_byte
	         $0649 = CheckUpMoveValidity.done_getting_map_row_start_byte
	         $0655 = CheckUpMoveValidity.get_map_column_start_byte
	         $065c = CheckUpMoveValidity.done_getting_map_column_byte
	         $0666 = CheckUpMoveValidity.determine_bit_location_in_map_byte
	         $066c = CheckUpMoveValidity.done_determining_bit_location_in_map_byte
	         $0670 = CheckDownMoveValidity
	         $069f = CheckDownMoveValidity.get_map_row_start_byte
	         $06a9 = CheckDownMoveValidity.done_getting_map_row_start_byte
	         $06b5 = CheckDownMoveValidity.get_map_column_start_byte
	         $06bc = CheckDownMoveValidity.done_getting_map_column_byte
	         $06c6 = CheckDownMoveValidity.determine_bit_location_in_map_byte
	         $06cc = CheckDownMoveValidity.done_determining_bit_location_in_map_byte
	SECTION: $06d0-$0aee ($041f bytes) ["background_processes"]
	         $06d0 = print_text
	         $06d4 = print_text.write_letter
	         $06e7 = print_text.space
	         $06ea = print_text.letter_printed
	         $06ee = print_text.done
	         $06f2 = print_text.scroll
	         $0704 = init_start_screen
	         $0719 = init_start_screen.init_oam_u1
	         $0724 = init_start_screen.init_ram_u2
	         $0731 = init_start_screen.load_tile_u3
	         $073f = init_start_screen.load_tile_u4
	         $074d = init_start_screen.load_tile_u5
	         $0793 = init_start_screen.lost_game
	         $079f = init_start_screen.won_game
	         $07ab = init_start_screen.done
	         $07ac = init_level_1
	         $07ce = init_level_1.load_tile_u6
	         $0802 = init_level_2
	         $0824 = init_level_2.load_tile_u7
	         $0858 = init_level_3
	         $087a = init_level_3.load_tile_u8
	         $08ae = move_screen
	         $08c8 = move_screen.on_left_side
	         $08d3 = move_screen.fix_screen_left
	         $08e6 = move_screen.left_loop
	         $08f1 = move_screen.right_location_loop
	         $0910 = move_screen.on_right_side
	         $091b = move_screen.fix_screen_right
	         $092e = move_screen.right_loop
	         $0939 = move_screen.left_location_loop
	         $0955 = move_screen.check_up_down
	         $0965 = move_screen.on_top
	         $0970 = move_screen.fix_screen_up
	         $0983 = move_screen.up_loop
	         $098e = move_screen.down_location_loop
	         $09ad = move_screen.on_bottom
	         $09b8 = move_screen.fix_screen_bottom
	         $09cb = move_screen.bottom_loop
	         $09d6 = move_screen.up_location_loop
	         $09f2 = move_screen.done
	         $09f3 = update_game_state
	         $09fb = update_game_state.level_beat
	         $0a13 = update_game_state.done
	         $0a14 = handle_interaction
	         $0a27 = handle_interaction.loop_not_right
	         $0a4d = handle_interaction.done_check_not_right
	         $0a5d = handle_interaction.right
	         $0a68 = handle_interaction.loop_right
	         $0a8e = handle_interaction.done_check_right
	         $0a9e = handle_interaction.lost_game
	         $0aa6 = handle_interaction.done
	         $0aa7 = check_for_start
	         $0ac1 = update_visuals
	         $0ac9 = update_visuals.loop
	         $0add = update_visuals.done
	         $0ade = YOU_WIN_TEXT_LOCATION
	         $0ae6 = YOU_LOSE_TEXT_LOCATION
	SECTION: $0aef-$0e51 ($0363 bytes) ["inner_demon"]
	         $0aef = init_inner_demons
	         $0afb = init_inner_demons.loop
	         $0b54 = move_inner_demons
	         $0b59 = move_inner_demons.loop
	         $0b72 = move_inner_demons.inner_x_is_inline_with_demon
	         $0b77 = move_inner_demons.inner_x_is_right_of_demon
	         $0b7c = move_inner_demons.inner_x_left_of_demon
	         $0b81 = move_inner_demons.done_x
	         $0b98 = move_inner_demons.inner_y_is_inline_with_demon
	         $0b9d = move_inner_demons.inner_y_below_demon
	         $0ba2 = move_inner_demons.inner_y_is_above_demon
	         $0ba7 = move_inner_demons.done_y
	         $0ba8 = move_inner_demons.x_movement
	         $0bb7 = move_inner_demons.move_entity_right_call
	         $0bd6 = move_inner_demons.right_location_loop
	         $0c07 = move_inner_demons.start_walking_right
	         $0c2b = move_inner_demons.done_right
	         $0c51 = move_inner_demons.no_movement_right
	         $0c55 = move_inner_demons.move_entity_left_call
	         $0c74 = move_inner_demons.left_location_loop
	         $0ca3 = move_inner_demons.start_walking_left
	         $0cc7 = move_inner_demons.done_left
	         $0ced = move_inner_demons.no_movement_left
	         $0cf1 = move_inner_demons.y_movement
	         $0d00 = move_inner_demons.move_entity_up_call
	         $0d1e = move_inner_demons.up_location_loop
	         $0d52 = move_inner_demons.start_walking_up
	         $0d7e = move_inner_demons.done_up
	         $0da4 = move_inner_demons.no_movement_up
	         $0da7 = move_inner_demons.move_entity_down_call
	         $0dc5 = move_inner_demons.down_location_loop
	         $0df4 = move_inner_demons.start_walking_down
	         $0e18 = move_inner_demons.done_down
	         $0e3e = move_inner_demons.no_movement_down
	         $0e41 = move_inner_demons.done_y_movement
	         $0e51 = move_inner_demons.done
	SECTION: $0e52-$1160 ($030f bytes) ["inner"]
	         $0e52 = init_inner
	         $0ea8 = update_inner
	         $0eb3 = update_inner.poll_right
	         $0ebe = update_inner.right
	         $0ee1 = update_inner.right_location_loop
	         $0f12 = update_inner.start_walking_right
	         $0f36 = update_inner.done_right
	         $0f5c = update_inner.no_movement_right
	         $0f5f = update_inner.left_poll
	         $0f67 = update_inner.left
	         $0f8a = update_inner.left_location_loop
	         $0fb9 = update_inner.start_walking_left
	         $0fdd = update_inner.done_left
	         $1003 = update_inner.up_poll
	         $1003 = update_inner.no_movement_left
	         $100b = update_inner.up
	         $102e = update_inner.up_location_loop
	         $1062 = update_inner.start_walking_up
	         $108e = update_inner.done_up
	         $10b4 = update_inner.no_movement_up
	         $10b7 = update_inner.down_poll
	         $10bf = update_inner.down
	         $10e2 = update_inner.down_location_loop
	         $1111 = update_inner.start_walking_down
	         $1135 = update_inner.done_down
	         $115b = update_inner.done
	         $115b = update_inner.no_movement_down
	SECTION: $1161-$12ae ($014e bytes) ["sword"]
	         $1161 = init_sword
	         $117b = update_sword
	         $11b3 = update_sword.poll_right
	         $11bb = update_sword.right
	         $11cb = update_sword.poll_left
	         $11d3 = update_sword.left
	         $11e0 = update_sword.poll_up
	         $11e8 = update_sword.up
	         $11f3 = update_sword.poll_down
	         $11fb = update_sword.down
	         $1206 = update_sword.swing_sword
	         $121e = update_sword.loop
	         $1245 = update_sword.done_check
	         $1255 = update_sword.swing_over
	         $126f = update_sword.kill_inner_demon
	         $1283 = update_sword.kill_loop
	         $12a5 = update_sword.end_of_loop
	         $12a9 = update_sword.done
	EMPTY: $12af-$53ff ($4151 bytes)
	SECTION: $5400-$7fff ($2c00 bytes) ["graphics_data"]
	TOTAL EMPTY: $419c bytes
