SUMMARY:
	ROM0: 12964 bytes used / 19804 free

ROM0 bank #0:
	EMPTY: $0000-$003f ($0040 bytes)
	SECTION: $0040-$0040 ($0001 byte) ["vblank_interrupt"]
	SECTION: $0041-$00b0 ($0070 bytes) ["main"]
	         $0041 = main
	         $0046 = restart_game
	         $0046 = restart_game.wait_vblank_u7
	         $0054 = start_screen_loop
	         $005b = start_level_1
	         $005b = start_level_1.wait_vblank_u8
	         $0078 = start_level_2
	         $0078 = start_level_2.wait_vblank_u9
	         $0095 = game_loop
	EMPTY: $00b1-$00ff ($004f bytes)
	SECTION: $0100-$014f ($0050 bytes) ["header"]
	         $0100 = entrypoint
	SECTION: $0150-$048a ($033b bytes) ["background_processes"]
	         $0150 = print_text
	         $0154 = print_text.write_letter
	         $0167 = print_text.space
	         $016a = print_text.letter_printed
	         $016e = print_text.done
	         $0172 = print_text.scroll
	         $0184 = init_start_screen
	         $0199 = init_start_screen.init_oam_u1
	         $01a5 = init_start_screen.load_tile_u2
	         $01b3 = init_start_screen.load_tile_u3
	         $01c1 = init_start_screen.load_tile_u4
	         $0207 = init_start_screen.lost_game
	         $0213 = init_start_screen.won_game
	         $021f = init_start_screen.done
	         $0220 = init_level_1
	         $0238 = init_level_1.load_tile_u5
	         $026c = init_level_2
	         $0284 = init_level_2.load_tile_u6
	         $02b8 = move_screen
	         $02d2 = move_screen.on_left_side
	         $02dd = move_screen.fix_screen_left
	         $02ee = move_screen.left_loop
	         $02f9 = move_screen.right_location_loop
	         $0318 = move_screen.on_right_side
	         $0323 = move_screen.fix_screen_right
	         $0334 = move_screen.right_loop
	         $033f = move_screen.left_location_loop
	         $035b = move_screen.check_up_down
	         $036b = move_screen.on_top
	         $0376 = move_screen.fix_screen_up
	         $0387 = move_screen.up_loop
	         $0392 = move_screen.down_location_loop
	         $03b1 = move_screen.on_bottom
	         $03bc = move_screen.fix_screen_bottom
	         $03cd = move_screen.bottom_loop
	         $03d8 = move_screen.up_location_loop
	         $03f4 = move_screen.done
	         $03f5 = update_game_state
	         $03fd = update_game_state.level_beat
	         $040d = update_game_state.done
	         $040e = handle_interaction
	         $0417 = handle_interaction.loop
	         $042f = handle_interaction.done_check
	         $043a = handle_interaction.lost_game
	         $0442 = handle_interaction.done
	         $0443 = check_for_start
	         $045d = update_visuals
	         $0465 = update_visuals.loop
	         $047a = YOU_WIN_TEXT_LOCATION
	         $0482 = YOU_LOSE_TEXT_LOCATION
	SECTION: $048b-$0799 ($030f bytes) ["inner_demon"]
	         $048b = init_inner_demons
	         $0497 = init_inner_demons.loop
	         $04ec = move_inner_demons
	         $04f1 = move_inner_demons.loop
	         $050a = move_inner_demons.inner_x_is_inline_with_demon
	         $050f = move_inner_demons.inner_x_is_right_of_demon
	         $0514 = move_inner_demons.inner_x_left_of_demon
	         $0519 = move_inner_demons.done_x
	         $0530 = move_inner_demons.inner_y_is_inline_with_demon
	         $0535 = move_inner_demons.inner_y_below_demon
	         $053a = move_inner_demons.inner_y_is_above_demon
	         $053f = move_inner_demons.done_y
	         $0540 = move_inner_demons.x_movement
	         $054f = move_inner_demons.move_entity_right_call
	         $055b = move_inner_demons.right_location_loop
	         $058c = move_inner_demons.start_walking_right
	         $05b0 = move_inner_demons.done_right
	         $05d9 = move_inner_demons.move_entity_left_call
	         $05e5 = move_inner_demons.left_location_loop
	         $0614 = move_inner_demons.start_walking_left
	         $0638 = move_inner_demons.done_left
	         $0661 = move_inner_demons.y_movement
	         $0670 = move_inner_demons.move_entity_up_call
	         $067c = move_inner_demons.up_location_loop
	         $06b0 = move_inner_demons.start_walking_up
	         $06dc = move_inner_demons.done_up
	         $0705 = move_inner_demons.move_entity_down_call
	         $0711 = move_inner_demons.down_location_loop
	         $0740 = move_inner_demons.start_walking_down
	         $0764 = move_inner_demons.done_down
	         $078d = move_inner_demons.done_y_movement
	         $0799 = move_inner_demons.done
	SECTION: $079a-$0a60 ($02c7 bytes) ["inner"]
	         $079a = init_inner
	         $07f0 = update_inner
	         $07fb = update_inner.poll_right
	         $0806 = update_inner.right
	         $0817 = update_inner.right_location_loop
	         $0848 = update_inner.start_walking_right
	         $086c = update_inner.done_right
	         $0895 = update_inner.left_poll
	         $089d = update_inner.left
	         $08ae = update_inner.left_location_loop
	         $08dd = update_inner.start_walking_left
	         $0901 = update_inner.done_left
	         $0927 = update_inner.up_poll
	         $092f = update_inner.up
	         $0940 = update_inner.up_location_loop
	         $0974 = update_inner.start_walking_up
	         $09a0 = update_inner.done_up
	         $09c9 = update_inner.down_poll
	         $09d1 = update_inner.down
	         $09e2 = update_inner.down_location_loop
	         $0a11 = update_inner.start_walking_down
	         $0a35 = update_inner.done_down
	         $0a5b = update_inner.done
	SECTION: $0a61-$0b32 ($00d2 bytes) ["sword"]
	         $0a61 = init_sword
	         $0a7b = update_sword
	         $0ab3 = update_sword.poll_right
	         $0abb = update_sword.right
	         $0acb = update_sword.poll_left
	         $0ad3 = update_sword.left
	         $0ae0 = update_sword.poll_up
	         $0ae8 = update_sword.up
	         $0af3 = update_sword.poll_down
	         $0afb = update_sword.down
	         $0b06 = update_sword.swing_sword
	         $0b16 = update_sword.swing_over
	         $0b2d = update_sword.done
	EMPTY: $0b33-$57ff ($4ccd bytes)
	SECTION: $5800-$7fff ($2800 bytes) ["graphics_data"]
	TOTAL EMPTY: $4d5c bytes
